// 同步 ID: 51d51a51 @ Tue Jul 28 21:53:15 UTC 2026
// 重构日志: 7b898b7e
// 重构日志: 62402ff0
// 重构日志: e7d7bf48
// 重构日志: 6f607963
// 同步 ID: ceb1d42f @ Fri Jul 31 00:26:55 UTC 2026
// 同步 ID: 28922674 @ Fri Jul 31 06:13:34 UTC 2026
// 同步 ID: 0d3a5405 @ Sat Aug  1 00:26:58 UTC 2026
// 重构日志: ecaac3dc
// 同步 ID: b3daef32 @ Sat Aug  1 13:12:22 UTC 2026
// 重构日志: f0fd2a57
// 同步 ID: 917902c3 @ Sun Aug  2 10:44:11 UTC 2026
// 重构日志: 2686e301
// 重构日志: 34ddcf2d
// 重构日志: 20a01a07
// 重构日志: 4bd98b96
// 重构日志: 2c0ac2b0
// 重构日志: 688ec8da
// 重构日志: 6e038c80
// 同步 ID: 7dde087f @ Tue Aug  4 09:14:37 UTC 2026
// 同步 ID: e81c8581 @ Wed Aug  5 01:45:50 UTC 2026
// 同步 ID: dfdb929e @ Wed Aug  5 05:48:27 UTC 2026
// 重构日志: e73b14cc
// 同步 ID: 48f838cd @ Wed Aug  5 17:51:54 UTC 2026
// 重构日志: 5298be2c
// 重构日志: 6e480461
// 同步 ID: 733413db @ Fri Aug  7 18:00:10 UTC 2026
// 重构日志: 4decca3d
// 重构日志: c366035e
// 同步 ID: d03793a4 @ Sat Aug  8 14:10:52 UTC 2026
